// Vitest Snapshot v1, https://vitest.dev/guide/snapshot.html

exports[`Footer snapshots > should match snapshot when hidden 1`] = `<div />`;

exports[`Footer snapshots > should match snapshot when visible 1`] = `
<div>
  <div
    class="_footer_acfd2c"
    data-testid="footer"
  >
    <div
      class="_sponsorBanner_acfd2c"
    >
      <img
        alt="Sponsor banner"
        class="_sponsorImage_acfd2c"
        src="/assets/footer.png"
      />
    </div>
  </div>
</div>
`;

exports[`Footer snapshots > should match snapshot with default props 1`] = `
<div>
  <div
    class="_footer_acfd2c"
    data-testid="footer"
  >
    <div
      class="_sponsorBanner_acfd2c"
    >
      <img
        alt="Sponsor banner"
        class="_sponsorImage_acfd2c"
        src="/assets/footer.png"
      />
    </div>
  </div>
</div>
`;
